******************************************************************************
                  MSP430 Linker PC v16.9.1                     
******************************************************************************
>> Linked Wed Jun 21 16:13:48 2017

OUTPUT FILE NAME:   <clien.out>
ENTRY POINT SYMBOL: "_c_int00_noargs_noexit"  address: 0000d1d0


MEMORY CONFIGURATION

         name            origin    length      used     unused   attr    fill
----------------------  --------  ---------  --------  --------  ----  --------
  SFR                   00000000   00000010  00000000  00000010  RWIX
  PERIPHERALS_8BIT      00000010   000000f0  00000000  000000f0  RWIX
  PERIPHERALS_16BIT     00000100   00000100  00000000  00000100  RWIX
  RAM                   00000200   00000200  0000012e  000000d2  RWIX
  INFOD                 00001000   00000040  00000000  00000040  RWIX
  INFOC                 00001040   00000040  00000000  00000040  RWIX
  INFOB                 00001080   00000040  00000000  00000040  RWIX
  INFOA                 000010c0   00000040  00000000  00000040  RWIX
  FLASH                 0000c000   00003fde  000014be  00002b20  RWIX
  BSLSIGNATURE          0000ffde   00000002  00000002  00000000  RWIX  ffff 
  INT00                 0000ffe0   00000002  00000002  00000000  RWIX
  INT01                 0000ffe2   00000002  00000000  00000002  RWIX
  INT02                 0000ffe4   00000002  00000002  00000000  RWIX
  INT03                 0000ffe6   00000002  00000002  00000000  RWIX
  INT04                 0000ffe8   00000002  00000000  00000002  RWIX
  INT05                 0000ffea   00000002  00000002  00000000  RWIX
  INT06                 0000ffec   00000002  00000002  00000000  RWIX
  INT07                 0000ffee   00000002  00000002  00000000  RWIX
  INT08                 0000fff0   00000002  00000002  00000000  RWIX
  INT09                 0000fff2   00000002  00000002  00000000  RWIX
  INT10                 0000fff4   00000002  00000002  00000000  RWIX
  INT11                 0000fff6   00000002  00000002  00000000  RWIX
  INT12                 0000fff8   00000002  00000002  00000000  RWIX
  INT13                 0000fffa   00000002  00000002  00000000  RWIX
  INT14                 0000fffc   00000002  00000002  00000000  RWIX
  RESET                 0000fffe   00000002  00000002  00000000  RWIX


SECTION ALLOCATION MAP

 output                                  attributes/
section   page    origin      length       input sections
--------  ----  ----------  ----------   ----------------
.bss       0    00000200    000000d7     UNINITIALIZED
                  00000200    00000042     uart.obj (.bss:rx_buffer)
                  00000242    00000042     uart.obj (.bss:tx_buffer)
                  00000284    00000040     (.common:buff)
                  000002c4    00000006     nrf24l01.obj (.bss:NRF24L01_Struct)
                  000002ca    00000006     (.common:p_buff)
                  000002d0    00000004     (.common:dataOut)
                  000002d4    00000002     (.common:transmissionStatus)
                  000002d6    00000001     main.obj (.bss)

.data      0    000002d8    00000007     UNINITIALIZED
                  000002d8    00000005     main.obj (.data:TxAddress2)
                  000002dd    00000002     uart.obj (.data)

.stack     0    000003b0    00000050     UNINITIALIZED
                  000003b0    00000002     rts430_eabi.lib : boot.obj (.stack)
                  000003b2    0000004e     --HOLE--

.text      0    0000c000    00001308     
                  0000c000    000005ac     info.obj (.text:printDetails)
                  0000c5ac    0000015e     nrf24l01.obj (.text:NRF24L01_SoftwareReset)
                  0000c70a    00000116     rts430_eabi.lib : _printfi_min.obj (.text:_setfield)
                  0000c820    000000fc     main.obj (.text:main)
                  0000c91c    000000f8     nrf24l01.obj (.text:NRF24L01_Init)
                  0000ca14    000000e6     rts430_eabi.lib : _printfi_min.obj (.text:__TI_printfi_minimal)
                  0000cafa    000000ca                     : _printfi_min.obj (.text:_pproc_diouxp)
                  0000cbc4    0000007c                     : copy_decompress_lzss.obj (.text:decompress:lzss:__TI_decompress_lzss)
                  0000cc40    0000006e                     : autoinit.obj (.text:_auto_init)
                  0000ccae    00000068     uart.obj (.text:USCI0TX_ISR)
                  0000cd16    0000005c     main.obj (.text:Port_1_Handler)
                  0000cd72    0000005a     rts430_eabi.lib : cpy_tbl.obj (.text:copy_in)
                  0000cdcc    00000058     nrf24l01.obj (.text:NRF24L01_Transmit)
                  0000ce24    0000004c     uart.obj (.text:USCI0RX_ISR)
                  0000ce70    0000004c     rts430_eabi.lib : lsr16.obj (.text)
                  0000cebc    00000048     nrf24l01.obj (.text:SPI_bitbang_in)
                  0000cf04    00000040     nrf24l01.obj (.text:NRF24L01_SetRF)
                  0000cf44    0000003c     uart.obj (.text:uart_init)
                  0000cf80    0000003a     nrf24l01.obj (.text:NRF24L01_ReadRegisterMulti)
                  0000cfba    00000038     rts430_eabi.lib : sprintf.obj (.text:sprintf)
                  0000cff2    00000036     nrf24l01.obj (.text:NRF24L01_WriteRegisterMulti)
                  0000d028    00000036     uart.obj (.text:uart_puts)
                  0000d05e    00000034     nrf24l01.obj (.text:NRF24L01_PowerUpRx)
                  0000d092    00000034     nrf24l01.obj (.text:SPI_bitbang_out)
                  0000d0c6    0000002e     nrf24l01.obj (.text:NRF24L01_InitPins)
                  0000d0f4    0000002c     rts430_eabi.lib : asr16.obj (.text)
                  0000d120    0000002c                     : lsl16.obj (.text)
                  0000d14c    00000028     nrf24l01.obj (.text:NRF24L01_WriteRegister)
                  0000d174    00000024     nrf24l01.obj (.text:NRF24L01_SetTxAddress)
                  0000d198    0000001c     nrf24l01.obj (.text:NRF24L01_ReadRegister)
                  0000d1b4    0000001c     nrf24l01.obj (.text:NRF24L01_SetChannel)
                  0000d1d0    0000001a     rts430_eabi.lib : boot_special.obj (.text:_c_int00_noargs_noexit)
                  0000d1ea    0000001a                     : sprintf.obj (.text:_outs)
                  0000d204    0000001a                     : memccpy.obj (.text:memccpy)
                  0000d21e    00000018     nrf24l01.obj (.text:NRF24L01_PowerUpTx)
                  0000d236    00000016     rts430_eabi.lib : div16u.obj (.text)
                  0000d24c    00000014                     : copy_zero_init.obj (.text:decompress:ZI:__TI_zero_init)
                  0000d260    00000014                     : memset.obj (.text:memset)
                  0000d274    00000014                     : mult16.obj (.text)
                  0000d288    00000012     nrf24l01.obj (.text:NRF24L01_GetStatus)
                  0000d29a    00000012     rts430_eabi.lib : sprintf.obj (.text:_outc)
                  0000d2ac    00000012                     : copy_decompress_none.obj (.text:decompress:none:__TI_decompress_none)
                  0000d2be    00000012                     : memcpy.obj (.text:memcpy)
                  0000d2d0    00000010                     : epilog.obj (.text)
                  0000d2e0    0000000e                     : strlen.obj (.text:strlen)
                  0000d2ee    00000008                     : isr_trap.obj (.text:_isr:__TI_ISR_TRAP)
                  0000d2f6    00000006     main.obj (.text:Timer_A)
                  0000d2fc    00000006     rts430_eabi.lib : exit.obj (.text:abort)
                  0000d302    00000004                     : pre_init.obj (.text:_system_pre_init)
                  0000d306    00000002                     : startup.obj (.text:_system_post_cinit)

.binit     0    0000c000    00000000     

.const     0    0000d308    0000019a     
                  0000d308    00000172     info.obj (.const:.string)
                  0000d47a    00000014     main.obj (.const:.string)
                  0000d48e    00000014     rts430_eabi.lib : _printfi_min.obj (.const:.string)

.cinit     0    0000d4a2    0000001c     
                  0000d4a2    00000009     (.cinit..data.load) [load image, compression = lzss]
                  0000d4ab    00000001     --HOLE-- [fill = 0]
                  0000d4ac    00000006     (__TI_handler_table)
                  0000d4b2    00000004     (.cinit..bss.load) [load image, compression = zero_init]
                  0000d4b6    00000008     (__TI_cinit_table)

.init_array 
*          0    0000c000    00000000     UNINITIALIZED

TRAPINT    0    0000ffe0    00000002     
                  0000ffe0    00000002     rts430_eabi.lib : int00.obj (.int00)

PORT1      0    0000ffe4    00000002     
                  0000ffe4    00000002     rts430_eabi.lib : int02.obj (.int02)

PORT2      0    0000ffe6    00000002     
                  0000ffe6    00000002     main.obj (.int03)

$fill000   0    0000ffde    00000002     
                  0000ffde    00000002     --HOLE-- [fill = ffff]

ADC10      0    0000ffea    00000002     
                  0000ffea    00000002     rts430_eabi.lib : int05.obj (.int05)

USCIAB0TX 
*          0    0000ffec    00000002     
                  0000ffec    00000002     uart.obj (.int06)

USCIAB0RX 
*          0    0000ffee    00000002     
                  0000ffee    00000002     uart.obj (.int07)

TIMER0_A1 
*          0    0000fff0    00000002     
                  0000fff0    00000002     rts430_eabi.lib : int08.obj (.int08)

TIMER0_A0 
*          0    0000fff2    00000002     
                  0000fff2    00000002     main.obj (.int09)

WDT        0    0000fff4    00000002     
                  0000fff4    00000002     rts430_eabi.lib : int10.obj (.int10)

COMPARATORA 
*          0    0000fff6    00000002     
                  0000fff6    00000002     rts430_eabi.lib : int11.obj (.int11)

TIMER1_A1 
*          0    0000fff8    00000002     
                  0000fff8    00000002     rts430_eabi.lib : int12.obj (.int12)

TIMER1_A0 
*          0    0000fffa    00000002     
                  0000fffa    00000002     rts430_eabi.lib : int13.obj (.int13)

NMI        0    0000fffc    00000002     
                  0000fffc    00000002     rts430_eabi.lib : int14.obj (.int14)

.reset     0    0000fffe    00000002     
                  0000fffe    00000002     rts430_eabi.lib : boot.obj (.reset)

MODULE SUMMARY

       Module                     code   ro data   rw data
       ------                     ----   -------   -------
    .\
       nrf24l01.obj               1258   0         6      
       main.obj                   350    24        12     
    +--+--------------------------+------+---------+---------+
       Total:                     1608   24        18     
                                                          
    .\UART_INFO\
       info.obj                   1452   370       70     
       uart.obj                   294    4         134    
    +--+--------------------------+------+---------+---------+
       Total:                     1746   374       204    
                                                          
    C:\ti\ccsv7\tools\compiler\ti-cgt-msp430_16.9.1.LTS\lib\rts430_eabi.lib
       _printfi_min.obj           710    20        0      
       copy_decompress_lzss.obj   124    0         0      
       autoinit.obj               110    0         0      
       sprintf.obj                100    0         0      
       cpy_tbl.obj                90     0         0      
       lsr16.obj                  76     0         0      
       asr16.obj                  44     0         0      
       lsl16.obj                  44     0         0      
       boot_special.obj           26     0         0      
       memccpy.obj                26     0         0      
       div16u.obj                 22     0         0      
       copy_zero_init.obj         20     0         0      
       memset.obj                 20     0         0      
       mult16.obj                 20     0         0      
       copy_decompress_none.obj   18     0         0      
       memcpy.obj                 18     0         0      
       epilog.obj                 16     0         0      
       strlen.obj                 14     0         0      
       isr_trap.obj               8      0         0      
       exit.obj                   6      0         0      
       pre_init.obj               4      0         0      
       boot.obj                   0      2         0      
       int00.obj                  0      2         0      
       int02.obj                  0      2         0      
       int05.obj                  0      2         0      
       int08.obj                  0      2         0      
       int10.obj                  0      2         0      
       int11.obj                  0      2         0      
       int12.obj                  0      2         0      
       int13.obj                  0      2         0      
       int14.obj                  0      2         0      
       startup.obj                2      0         0      
    +--+--------------------------+------+---------+---------+
       Total:                     1518   40        0      
                                                          
       Stack:                     0      0         80     
       Linker Generated:          0      27        0      
    +--+--------------------------+------+---------+---------+
       Grand Total:               4872   465       302    


LINKER GENERATED COPY TABLES

__TI_cinit_table @ 0000d4b6 records: 2, size/record: 4, table size: 8
	.data: load addr=0000d4a2, load size=00000009 bytes, run addr=000002d8, run size=00000007 bytes, compression=lzss
	.bss: load addr=0000d4b2, load size=00000004 bytes, run addr=00000200, run size=000000d7 bytes, compression=zero_init


LINKER GENERATED HANDLER TABLE

__TI_handler_table @ 0000d4ac records: 3, size/record: 2, table size: 6
	index: 0, handler: __TI_zero_init
	index: 1, handler: __TI_decompress_lzss
	index: 2, handler: __TI_decompress_none


GLOBAL SYMBOLS: SORTED ALPHABETICALLY BY Name 

address   name                       
-------   ----                       
0000004a  ADC10AE0                   
000001b0  ADC10CTL0                  
000001b2  ADC10CTL1                  
00000048  ADC10DTC0                  
00000049  ADC10DTC1                  
000001b4  ADC10MEM                   
000001bc  ADC10SA                    
00000057  BCSCTL1                    
00000058  BCSCTL2                    
00000053  BCSCTL3                    
0000d2fc  C$$EXIT                    
00000059  CACTL1                     
0000005a  CACTL2                     
000010fb  CALBC1_12MHZ               
000010f9  CALBC1_16MHZ               
000010ff  CALBC1_1MHZ                
000010fd  CALBC1_8MHZ                
000010fa  CALDCO_12MHZ               
000010f8  CALDCO_16MHZ               
000010fe  CALDCO_1MHZ                
000010fc  CALDCO_8MHZ                
0000005b  CAPD                       
00000056  DCOCTL                     
00000128  FCTL1                      
0000012a  FCTL2                      
0000012c  FCTL3                      
00000000  IE1                        
00000001  IE2                        
00000002  IFG1                       
00000003  IFG2                       
0000d288  NRF24L01_GetStatus         
0000c91c  NRF24L01_Init              
0000d0c6  NRF24L01_InitPins          
0000d05e  NRF24L01_PowerUpRx         
0000d21e  NRF24L01_PowerUpTx         
0000d198  NRF24L01_ReadRegister      
0000cf80  NRF24L01_ReadRegisterMulti 
0000d1b4  NRF24L01_SetChannel        
0000cf04  NRF24L01_SetRF             
0000d174  NRF24L01_SetTxAddress      
0000c5ac  NRF24L01_SoftwareReset     
0000cdcc  NRF24L01_Transmit          
0000d14c  NRF24L01_WriteRegister     
0000cff2  NRF24L01_WriteRegisterMulti
00000022  P1DIR                      
00000025  P1IE                       
00000024  P1IES                      
00000023  P1IFG                      
00000020  P1IN                       
00000021  P1OUT                      
00000027  P1REN                      
00000026  P1SEL                      
00000041  P1SEL2                     
0000002a  P2DIR                      
0000002d  P2IE                       
0000002c  P2IES                      
0000002b  P2IFG                      
00000028  P2IN                       
00000029  P2OUT                      
0000002f  P2REN                      
0000002e  P2SEL                      
00000042  P2SEL2                     
0000001a  P3DIR                      
00000018  P3IN                       
00000019  P3OUT                      
00000010  P3REN                      
0000001b  P3SEL                      
00000043  P3SEL2                     
0000cd16  Port_1_Handler             
0000cebc  SPI_bitbang_in             
0000d092  SPI_bitbang_out            
00000172  TA0CCR0                    
00000174  TA0CCR1                    
00000176  TA0CCR2                    
00000162  TA0CCTL0                   
00000164  TA0CCTL1                   
00000166  TA0CCTL2                   
00000160  TA0CTL                     
0000012e  TA0IV                      
00000170  TA0R                       
00000192  TA1CCR0                    
00000194  TA1CCR1                    
00000196  TA1CCR2                    
00000182  TA1CCTL0                   
00000184  TA1CCTL1                   
00000186  TA1CCTL2                   
00000180  TA1CTL                     
0000011e  TA1IV                      
00000190  TA1R                       
000010db  TLV_ADC10_1_LEN            
000010da  TLV_ADC10_1_TAG            
000010c0  TLV_CHECKSUM               
000010f7  TLV_DCO_30_LEN             
000010f6  TLV_DCO_30_TAG             
0000d2f6  Timer_A                    
000002d8  TxAddress2                 
0000005d  UCA0ABCTL                  
00000062  UCA0BR0                    
00000063  UCA0BR1                    
00000060  UCA0CTL0                   
00000061  UCA0CTL1                   
0000005f  UCA0IRRCTL                 
0000005e  UCA0IRTCTL                 
00000064  UCA0MCTL                   
00000066  UCA0RXBUF                  
00000065  UCA0STAT                   
00000067  UCA0TXBUF                  
0000006a  UCB0BR0                    
0000006b  UCB0BR1                    
00000068  UCB0CTL0                   
00000069  UCB0CTL1                   
0000006c  UCB0I2CIE                  
00000118  UCB0I2COA                  
0000011a  UCB0I2CSA                  
0000006e  UCB0RXBUF                  
0000006d  UCB0STAT                   
0000006f  UCB0TXBUF                  
0000ce24  USCI0RX_ISR                
0000ccae  USCI0TX_ISR                
00000120  WDTCTL                     
00000400  __STACK_END                
00000050  __STACK_SIZE               
UNDEFED   __TI_BINIT_Base            
UNDEFED   __TI_BINIT_Limit           
0000d4b6  __TI_CINIT_Base            
0000d4be  __TI_CINIT_Limit           
0000d4ac  __TI_Handler_Table_Base    
0000d4b2  __TI_Handler_Table_Limit   
UNDEFED   __TI_INITARRAY_Base        
UNDEFED   __TI_INITARRAY_Limit       
0000d2ee  __TI_ISR_TRAP              
0000cbc4  __TI_decompress_lzss       
0000d2ac  __TI_decompress_none       
0000ffe0  __TI_int00                 
0000ffe4  __TI_int02                 
0000ffe6  __TI_int03                 
0000ffea  __TI_int05                 
0000ffec  __TI_int06                 
0000ffee  __TI_int07                 
0000fff0  __TI_int08                 
0000fff2  __TI_int09                 
0000fff4  __TI_int10                 
0000fff6  __TI_int11                 
0000fff8  __TI_int12                 
0000fffa  __TI_int13                 
0000fffc  __TI_int14                 
ffffffff  __TI_pprof_out_hndl        
0000ca14  __TI_printfi_minimal       
ffffffff  __TI_prof_data_size        
ffffffff  __TI_prof_data_start       
0000d24c  __TI_zero_init             
ffffffff  __c_args__                 
0000d236  __mspabi_divu              
0000d2dc  __mspabi_func_epilog_1     
0000d2da  __mspabi_func_epilog_2     
0000d2d8  __mspabi_func_epilog_3     
0000d2d6  __mspabi_func_epilog_4     
0000d2d4  __mspabi_func_epilog_5     
0000d2d2  __mspabi_func_epilog_6     
0000d2d0  __mspabi_func_epilog_7     
0000d274  __mspabi_mpyi              
0000d274  __mspabi_mpyi_sw           
0000d236  __mspabi_remu              
0000d120  __mspabi_slli              
0000d148  __mspabi_slli_1            
0000d136  __mspabi_slli_10           
0000d134  __mspabi_slli_11           
0000d132  __mspabi_slli_12           
0000d130  __mspabi_slli_13           
0000d12e  __mspabi_slli_14           
0000d12c  __mspabi_slli_15           
0000d146  __mspabi_slli_2            
0000d144  __mspabi_slli_3            
0000d142  __mspabi_slli_4            
0000d140  __mspabi_slli_5            
0000d13e  __mspabi_slli_6            
0000d13c  __mspabi_slli_7            
0000d13a  __mspabi_slli_8            
0000d138  __mspabi_slli_9            
0000d0f4  __mspabi_srai              
0000d11c  __mspabi_srai_1            
0000d10a  __mspabi_srai_10           
0000d108  __mspabi_srai_11           
0000d106  __mspabi_srai_12           
0000d104  __mspabi_srai_13           
0000d102  __mspabi_srai_14           
0000d100  __mspabi_srai_15           
0000d11a  __mspabi_srai_2            
0000d118  __mspabi_srai_3            
0000d116  __mspabi_srai_4            
0000d114  __mspabi_srai_5            
0000d112  __mspabi_srai_6            
0000d110  __mspabi_srai_7            
0000d10e  __mspabi_srai_8            
0000d10c  __mspabi_srai_9            
0000ce70  __mspabi_srli              
0000ceb6  __mspabi_srli_1            
0000ce92  __mspabi_srli_10           
0000ce8e  __mspabi_srli_11           
0000ce8a  __mspabi_srli_12           
0000ce86  __mspabi_srli_13           
0000ce82  __mspabi_srli_14           
0000ce7e  __mspabi_srli_15           
0000ceb2  __mspabi_srli_2            
0000ceae  __mspabi_srli_3            
0000ceaa  __mspabi_srli_4            
0000cea6  __mspabi_srli_5            
0000cea2  __mspabi_srli_6            
0000ce9e  __mspabi_srli_7            
0000ce9a  __mspabi_srli_8            
0000ce96  __mspabi_srli_9            
0000cc40  _auto_init                 
0000d1d0  _c_int00_noargs_noexit     
0000fffe  _reset_vector              
000003b0  _stack                     
0000d306  _system_post_cinit         
0000d302  _system_pre_init           
0000d2fc  abort                      
00000284  buff                       
0000cd72  copy_in                    
000002d0  dataOut                    
0000c820  main                       
0000d204  memccpy                    
0000d2be  memcpy                     
0000d260  memset                     
000002ca  p_buff                     
0000c000  printDetails               
0000cfba  sprintf                    
0000d2e0  strlen                     
000002d4  transmissionStatus         
0000cf44  uart_init                  
0000d028  uart_puts                  


GLOBAL SYMBOLS: SORTED BY Symbol Address 

address   name                       
-------   ----                       
00000000  IE1                        
00000001  IE2                        
00000002  IFG1                       
00000003  IFG2                       
00000010  P3REN                      
00000018  P3IN                       
00000019  P3OUT                      
0000001a  P3DIR                      
0000001b  P3SEL                      
00000020  P1IN                       
00000021  P1OUT                      
00000022  P1DIR                      
00000023  P1IFG                      
00000024  P1IES                      
00000025  P1IE                       
00000026  P1SEL                      
00000027  P1REN                      
00000028  P2IN                       
00000029  P2OUT                      
0000002a  P2DIR                      
0000002b  P2IFG                      
0000002c  P2IES                      
0000002d  P2IE                       
0000002e  P2SEL                      
0000002f  P2REN                      
00000041  P1SEL2                     
00000042  P2SEL2                     
00000043  P3SEL2                     
00000048  ADC10DTC0                  
00000049  ADC10DTC1                  
0000004a  ADC10AE0                   
00000050  __STACK_SIZE               
00000053  BCSCTL3                    
00000056  DCOCTL                     
00000057  BCSCTL1                    
00000058  BCSCTL2                    
00000059  CACTL1                     
0000005a  CACTL2                     
0000005b  CAPD                       
0000005d  UCA0ABCTL                  
0000005e  UCA0IRTCTL                 
0000005f  UCA0IRRCTL                 
00000060  UCA0CTL0                   
00000061  UCA0CTL1                   
00000062  UCA0BR0                    
00000063  UCA0BR1                    
00000064  UCA0MCTL                   
00000065  UCA0STAT                   
00000066  UCA0RXBUF                  
00000067  UCA0TXBUF                  
00000068  UCB0CTL0                   
00000069  UCB0CTL1                   
0000006a  UCB0BR0                    
0000006b  UCB0BR1                    
0000006c  UCB0I2CIE                  
0000006d  UCB0STAT                   
0000006e  UCB0RXBUF                  
0000006f  UCB0TXBUF                  
00000118  UCB0I2COA                  
0000011a  UCB0I2CSA                  
0000011e  TA1IV                      
00000120  WDTCTL                     
00000128  FCTL1                      
0000012a  FCTL2                      
0000012c  FCTL3                      
0000012e  TA0IV                      
00000160  TA0CTL                     
00000162  TA0CCTL0                   
00000164  TA0CCTL1                   
00000166  TA0CCTL2                   
00000170  TA0R                       
00000172  TA0CCR0                    
00000174  TA0CCR1                    
00000176  TA0CCR2                    
00000180  TA1CTL                     
00000182  TA1CCTL0                   
00000184  TA1CCTL1                   
00000186  TA1CCTL2                   
00000190  TA1R                       
00000192  TA1CCR0                    
00000194  TA1CCR1                    
00000196  TA1CCR2                    
000001b0  ADC10CTL0                  
000001b2  ADC10CTL1                  
000001b4  ADC10MEM                   
000001bc  ADC10SA                    
00000284  buff                       
000002ca  p_buff                     
000002d0  dataOut                    
000002d4  transmissionStatus         
000002d8  TxAddress2                 
000003b0  _stack                     
00000400  __STACK_END                
000010c0  TLV_CHECKSUM               
000010da  TLV_ADC10_1_TAG            
000010db  TLV_ADC10_1_LEN            
000010f6  TLV_DCO_30_TAG             
000010f7  TLV_DCO_30_LEN             
000010f8  CALDCO_16MHZ               
000010f9  CALBC1_16MHZ               
000010fa  CALDCO_12MHZ               
000010fb  CALBC1_12MHZ               
000010fc  CALDCO_8MHZ                
000010fd  CALBC1_8MHZ                
000010fe  CALDCO_1MHZ                
000010ff  CALBC1_1MHZ                
0000c000  printDetails               
0000c5ac  NRF24L01_SoftwareReset     
0000c820  main                       
0000c91c  NRF24L01_Init              
0000ca14  __TI_printfi_minimal       
0000cbc4  __TI_decompress_lzss       
0000cc40  _auto_init                 
0000ccae  USCI0TX_ISR                
0000cd16  Port_1_Handler             
0000cd72  copy_in                    
0000cdcc  NRF24L01_Transmit          
0000ce24  USCI0RX_ISR                
0000ce70  __mspabi_srli              
0000ce7e  __mspabi_srli_15           
0000ce82  __mspabi_srli_14           
0000ce86  __mspabi_srli_13           
0000ce8a  __mspabi_srli_12           
0000ce8e  __mspabi_srli_11           
0000ce92  __mspabi_srli_10           
0000ce96  __mspabi_srli_9            
0000ce9a  __mspabi_srli_8            
0000ce9e  __mspabi_srli_7            
0000cea2  __mspabi_srli_6            
0000cea6  __mspabi_srli_5            
0000ceaa  __mspabi_srli_4            
0000ceae  __mspabi_srli_3            
0000ceb2  __mspabi_srli_2            
0000ceb6  __mspabi_srli_1            
0000cebc  SPI_bitbang_in             
0000cf04  NRF24L01_SetRF             
0000cf44  uart_init                  
0000cf80  NRF24L01_ReadRegisterMulti 
0000cfba  sprintf                    
0000cff2  NRF24L01_WriteRegisterMulti
0000d028  uart_puts                  
0000d05e  NRF24L01_PowerUpRx         
0000d092  SPI_bitbang_out            
0000d0c6  NRF24L01_InitPins          
0000d0f4  __mspabi_srai              
0000d100  __mspabi_srai_15           
0000d102  __mspabi_srai_14           
0000d104  __mspabi_srai_13           
0000d106  __mspabi_srai_12           
0000d108  __mspabi_srai_11           
0000d10a  __mspabi_srai_10           
0000d10c  __mspabi_srai_9            
0000d10e  __mspabi_srai_8            
0000d110  __mspabi_srai_7            
0000d112  __mspabi_srai_6            
0000d114  __mspabi_srai_5            
0000d116  __mspabi_srai_4            
0000d118  __mspabi_srai_3            
0000d11a  __mspabi_srai_2            
0000d11c  __mspabi_srai_1            
0000d120  __mspabi_slli              
0000d12c  __mspabi_slli_15           
0000d12e  __mspabi_slli_14           
0000d130  __mspabi_slli_13           
0000d132  __mspabi_slli_12           
0000d134  __mspabi_slli_11           
0000d136  __mspabi_slli_10           
0000d138  __mspabi_slli_9            
0000d13a  __mspabi_slli_8            
0000d13c  __mspabi_slli_7            
0000d13e  __mspabi_slli_6            
0000d140  __mspabi_slli_5            
0000d142  __mspabi_slli_4            
0000d144  __mspabi_slli_3            
0000d146  __mspabi_slli_2            
0000d148  __mspabi_slli_1            
0000d14c  NRF24L01_WriteRegister     
0000d174  NRF24L01_SetTxAddress      
0000d198  NRF24L01_ReadRegister      
0000d1b4  NRF24L01_SetChannel        
0000d1d0  _c_int00_noargs_noexit     
0000d204  memccpy                    
0000d21e  NRF24L01_PowerUpTx         
0000d236  __mspabi_divu              
0000d236  __mspabi_remu              
0000d24c  __TI_zero_init             
0000d260  memset                     
0000d274  __mspabi_mpyi              
0000d274  __mspabi_mpyi_sw           
0000d288  NRF24L01_GetStatus         
0000d2ac  __TI_decompress_none       
0000d2be  memcpy                     
0000d2d0  __mspabi_func_epilog_7     
0000d2d2  __mspabi_func_epilog_6     
0000d2d4  __mspabi_func_epilog_5     
0000d2d6  __mspabi_func_epilog_4     
0000d2d8  __mspabi_func_epilog_3     
0000d2da  __mspabi_func_epilog_2     
0000d2dc  __mspabi_func_epilog_1     
0000d2e0  strlen                     
0000d2ee  __TI_ISR_TRAP              
0000d2f6  Timer_A                    
0000d2fc  C$$EXIT                    
0000d2fc  abort                      
0000d302  _system_pre_init           
0000d306  _system_post_cinit         
0000d4ac  __TI_Handler_Table_Base    
0000d4b2  __TI_Handler_Table_Limit   
0000d4b6  __TI_CINIT_Base            
0000d4be  __TI_CINIT_Limit           
0000ffe0  __TI_int00                 
0000ffe4  __TI_int02                 
0000ffe6  __TI_int03                 
0000ffea  __TI_int05                 
0000ffec  __TI_int06                 
0000ffee  __TI_int07                 
0000fff0  __TI_int08                 
0000fff2  __TI_int09                 
0000fff4  __TI_int10                 
0000fff6  __TI_int11                 
0000fff8  __TI_int12                 
0000fffa  __TI_int13                 
0000fffc  __TI_int14                 
0000fffe  _reset_vector              
ffffffff  __TI_pprof_out_hndl        
ffffffff  __TI_prof_data_size        
ffffffff  __TI_prof_data_start       
ffffffff  __c_args__                 
UNDEFED   __TI_BINIT_Base            
UNDEFED   __TI_BINIT_Limit           
UNDEFED   __TI_INITARRAY_Base        
UNDEFED   __TI_INITARRAY_Limit       

[232 symbols]
